/usr/local/bin/quast.py /work/results/polishing/medaka_flye_hq/consensus.fasta -r /work/data/reference/GCF_000006945.2_ASM694v2_genomic.fna -o /work/results/quast/medaka_flye_hq_vs_ref

Version: 5.2.0

System information:
  OS: Linux-6.12.65-linuxkit-x86_64-with-glibc2.28 (linux_64)
  Python version: 3.10.5
  CPUs number: 6

Started: 2026-02-05 13:46:54

Logging to /work/results/quast/medaka_flye_hq_vs_ref/quast.log
NOTICE: Maximum number of threads is set to 1 (use --threads option to set it manually)

CWD: /
Main parameters: 
  MODE: default, threads: 1, min contig length: 500, min alignment length: 65, min alignment IDY: 95.0, \
  ambiguity: one, min local misassembly length: 200, min extensive misassembly length: 1000

Reference:
  /work/data/reference/GCF_000006945.2_ASM694v2_genomic.fna ==> GCF_000006945.2_ASM694v2_genomic

Contigs:
  Pre-processing...
  /work/results/polishing/medaka_flye_hq/consensus.fasta ==> consensus

2026-02-05 13:46:55
Running Basic statistics processor...
  Reference genome:
    GCF_000006945.2_ASM694v2_genomic.fna, length = 4951383, num fragments = 2, GC % = 52.24
  Contig files: 
    consensus
  Calculating N50 and L50...
    consensus, N50 = 3318770, L50 = 1, auN = 2710852.9, Total length = 5104808, GC % = 52.19, # N's per 100 kbp =  0.00
  Drawing Nx plot...
    saved to /work/results/quast/medaka_flye_hq_vs_ref/basic_stats/Nx_plot.pdf
  Drawing NGx plot...
    saved to /work/results/quast/medaka_flye_hq_vs_ref/basic_stats/NGx_plot.pdf
  Drawing cumulative plot...
    saved to /work/results/quast/medaka_flye_hq_vs_ref/basic_stats/cumulative_plot.pdf
  Drawing GC content plot...
    saved to /work/results/quast/medaka_flye_hq_vs_ref/basic_stats/GC_content_plot.pdf
  Drawing consensus GC content plot...
    saved to /work/results/quast/medaka_flye_hq_vs_ref/basic_stats/consensus_GC_content_plot.pdf
Done.

2026-02-05 13:46:55
Running Contig analyzer...
  consensus
  Logging to files /work/results/quast/medaka_flye_hq_vs_ref/contigs_reports/contigs_report_consensus.stdout and contigs_report_consensus.stderr...
  Aligning contigs to the reference
  ../usr/local/bin/minimap2 -c -x asm10 -B5 -O4,16 --no-long-join -r 200 -N 50 -s \
  65 -z 200 --mask-level 0.9 --min-occ 200 -g 2500 --score-N 2 --cs -t 1 ../work/results/quast/medaka_flye_hq_vs_ref/quast_corrected_input/GCF_000006945.2_ASM694v2_genomic.fna \
  ../work/results/quast/medaka_flye_hq_vs_ref/quast_corrected_input/consensus.fasta \
  > ../work/results/quast/medaka_flye_hq_vs_ref/contigs_reports/minimap_output/consensus.coords_tmp \
  2>> ../work/results/quast/medaka_flye_hq_vs_ref/contigs_reports/contigs_report_consensus.stderr
  Analysis is finished.

  Creating total report...
    saved to /work/results/quast/medaka_flye_hq_vs_ref/contigs_reports/misassemblies_report.txt, misassemblies_report.tsv, and misassemblies_report.tex
  Transposed version of total report...
    saved to /work/results/quast/medaka_flye_hq_vs_ref/contigs_reports/transposed_report_misassemblies.txt, transposed_report_misassemblies.tsv, and transposed_report_misassemblies.tex
  Creating total report...
    saved to /work/results/quast/medaka_flye_hq_vs_ref/contigs_reports/unaligned_report.txt, unaligned_report.tsv, and unaligned_report.tex
  Drawing misassemblies by types plot...
    saved to /work/results/quast/medaka_flye_hq_vs_ref/contigs_reports/misassemblies_plot.pdf
  Drawing misassemblies FRCurve plot...
    saved to /work/results/quast/medaka_flye_hq_vs_ref/contigs_reports/misassemblies_frcurve_plot.pdf
Done.

2026-02-05 13:46:57
Running NA-NGA calculation...
  consensus, Largest alignment = 953688, NA50 = 460922, NGA50 = 460922, LA50 = 4, LGA50 = 4
  Drawing cumulative plot...
    saved to /work/results/quast/medaka_flye_hq_vs_ref/aligned_stats/cumulative_plot.pdf
  Drawing NAx plot...
    saved to /work/results/quast/medaka_flye_hq_vs_ref/aligned_stats/NAx_plot.pdf
  Drawing NGAx plot...
    saved to /work/results/quast/medaka_flye_hq_vs_ref/aligned_stats/NGAx_plot.pdf
Done.

2026-02-05 13:46:57
Running Genome analyzer...
  NOTICE: No file with genomic features were provided. Use the --features option if you want to specify it.

  NOTICE: No file with operons were provided. Use the -O option if you want to specify it.
  consensus
  Analysis is finished.
  Skipping drawing Genome fraction, % histogram... (less than 2 columns histogram makes no sense)
Done.

NOTICE: Genes are not predicted by default. Use --gene-finding or --glimmer option to enable it.

2026-02-05 13:46:58
Creating large visual summaries...
This may take a while: press Ctrl-C to skip this step..
  1 of 2: Creating PDF with all tables and plots...
  2 of 2: Creating Icarus viewers...
Done

2026-02-05 13:46:59
RESULTS:
  Text versions of total report are saved to /work/results/quast/medaka_flye_hq_vs_ref/report.txt, report.tsv, and report.tex
  Text versions of transposed total report are saved to /work/results/quast/medaka_flye_hq_vs_ref/transposed_report.txt, transposed_report.tsv, and transposed_report.tex
  HTML version (interactive tables and plots) is saved to /work/results/quast/medaka_flye_hq_vs_ref/report.html
  PDF version (tables and plots) is saved to /work/results/quast/medaka_flye_hq_vs_ref/report.pdf
  Icarus (contig browser) is saved to /work/results/quast/medaka_flye_hq_vs_ref/icarus.html
  Log is saved to /work/results/quast/medaka_flye_hq_vs_ref/quast.log

Finished: 2026-02-05 13:46:59
Elapsed time: 0:00:04.926274
NOTICEs: 4; WARNINGs: 0; non-fatal ERRORs: 0

Thank you for using QUAST!
