This is WhatsHap 1.7 running under Python 3.9.0
Working on 1 sample from 1 family

# Resource usage
Maximum memory usage: 0.049 GB
Time spent reading BAM/CRAM:                    0.0 s
Time spent parsing VCF:                         0.0 s
Time spent selecting reads:                     0.0 s
Time spent phasing:                             0.0 s
Time spent writing VCF:                         0.0 s
Time spent finding components:                  0.0 s
Time spent on rest:                             0.0 s
Total elapsed time:                             0.0 s
This is WhatsHap 1.7 running under Python 3.9.0
Working on 1 sample from 1 family

# Working on contig contig_2 in individual SAMPLE
Found 2 usable heterozygous variants (0 skipped due to missing genotypes)
Found 9 reads covering 2 variants
Kept 0 reads that cover at least two variants each
Selected 0 most phase-informative reads covering 0 variants
Phasing 1 sample by solving the MEC problem ...
No. of phased blocks: 0

# Resource usage
Maximum memory usage: 0.055 GB
Time spent reading BAM/CRAM:                    1.1 s
Time spent parsing VCF:                         0.0 s
Time spent selecting reads:                     0.0 s
Time spent phasing:                             0.0 s
Time spent writing VCF:                         0.0 s
Time spent finding components:                  0.0 s
Time spent on rest:                             0.0 s
Total elapsed time:                             1.2 s
This is WhatsHap 1.7 running under Python 3.9.0
Working on 1 sample from 1 family

# Working on contig contig_1 in individual SAMPLE
Found 6 usable heterozygous variants (0 skipped due to missing genotypes)
Found 124 reads covering 6 variants
Kept 7 reads that cover at least two variants each
Selected 7 most phase-informative reads covering 5 variants
Phasing 1 sample by solving the MEC problem ...
Largest block contains 3 variants (60.0% of accessible variants) between position 3318300 and 3318607

# Resource usage
Maximum memory usage: 0.059 GB
Time spent reading BAM/CRAM:                    2.0 s
Time spent parsing VCF:                         0.0 s
Time spent selecting reads:                     0.0 s
Time spent phasing:                             0.0 s
Time spent writing VCF:                         0.0 s
Time spent finding components:                  0.0 s
Time spent on rest:                             0.0 s
Total elapsed time:                             2.1 s
